15:27:42 **** Incremental Build of configuration Debug for project lab4 ****
make -j16 all 
arm-none-eabi-gcc "../Core/Src/main.c" -mcpu=cortex-m4 -std=gnu11 -g3 -DDEBUG -DUSE_HAL_DRIVER -DSTM32L4R5xx -c -I../Core/Inc -I../Drivers/STM32L4xx_HAL_Driver/Inc -I../Drivers/STM32L4xx_HAL_Driver/Inc/Legacy -I../Drivers/CMSIS/Device/ST/STM32L4xx/Include -I../Drivers/CMSIS/Include -O0 -ffunction-sections -fdata-sections -Wall -fstack-usage -fcyclomatic-complexity -MMD -MP -MF"Core/Src/main.d" -MT"Core/Src/main.o" --specs=nano.specs -mfpu=fpv4-sp-d16 -mfloat-abi=hard -mthumb -o "Core/Src/main.o"
../Core/Src/main.c: In function 'main':
../Core/Src/main.c:71:3: warning: implicit declaration of function 'printf' [-Wimplicit-function-declaration]
   71 |   printf("Reading ADC Value...\r\n");
      |   ^~~~~~
../Core/Src/main.c:24:1: note: include '<stdio.h>' or provide a declaration of 'printf'
   23 | #include "gpio.h"
  +++ |+#include <stdio.h>
   24 | 
../Core/Src/main.c:71:3: warning: incompatible implicit declaration of built-in function 'printf' [-Wbuiltin-declaration-mismatch]
   71 |   printf("Reading ADC Value...\r\n");
      |   ^~~~~~
../Core/Src/main.c:71:3: note: include '<stdio.h>' or provide a declaration of 'printf'
../Core/Src/main.c: In function 'readVals':
../Core/Src/main.c:179:9: warning: incompatible implicit declaration of built-in function 'printf' [-Wbuiltin-declaration-mismatch]
  179 |         printf("Printing voltage: %.2f V\r\n", voltage);
      |         ^~~~~~
../Core/Src/main.c:179:9: note: include '<stdio.h>' or provide a declaration of 'printf'
arm-none-eabi-gcc -o "lab4.elf" @"objects.list"   -mcpu=cortex-m4 -T"C:\Users\fabian\EE186\EE186_Lab4\lab4\STM32L4R5ZITXP_FLASH.ld" --specs=nosys.specs -Wl,-Map="lab4.map" -Wl,--gc-sections -static --specs=nano.specs -mfpu=fpv4-sp-d16 -mfloat-abi=hard -mthumb -u _printf_float -Wl,--start-group -lc -lm -Wl,--end-group
Finished building target: lab4.elf
 
arm-none-eabi-size  lab4.elf 
arm-none-eabi-objdump -h -S lab4.elf  > "lab4.list"
   text	   data	    bss	    dec	    hex	filename
  34756	    468	   2156	  37380	   9204	lab4.elf
Finished building: default.size.stdout
 
Finished building: lab4.list
 

15:27:43 Build Finished. 0 errors, 3 warnings. (took 1s.184ms)

